node.exe : [33m(!) Your Vite config uses features that are unsupported by `configLoader: 'native'`, which is planned 
to become the default in a future major version of Vite:
At line:1 char:1
+ & "C:\Program Files\nodejs/node.exe" "C:\Program Files\nodejs/node_mo ...
+ ~~~~~~~~~~~~~~~~~~~~~~~~~~~~~~~~~~~~~~~~~~~~~~~~~~~~~~~~~~~~~~~~~~~~~
    + CategoryInfo          : NotSpecified: ([33m(!) Your V...ersion of Vite::String) [], RemoteException
    + FullyQualifiedErrorId : NativeCommandError
 
  - ESM syntax in a file loaded as CommonJS (vitest.config.ts:1:1). Use a `.mjs` extension or set `"type": "module"` 
in the closest package.json
Set `VITE_CONFIG_NATIVE_IGNORE_WARNING=true` to suppress this warning.[39m
[33mThe plugin "vite-tsconfig-paths" is detected. Vite now supports tsconfig paths resolution natively via the 
[1mresolve.tsconfigPaths[22m option. You can remove the plugin and set [1mresolve.tsconfigPaths: true[22m in your 
Vite config instead.[39m

 RUN  v4.1.10 C:/Users/ahmed/Desktop/Personal Projects/Job Finder

 Γ¥» src/lib/__tests__/sourceTaxonomy.test.ts (0 test)

ΓÄ»ΓÄ»ΓÄ»ΓÄ»ΓÄ»ΓÄ» Failed Suites 1 ΓÄ»ΓÄ»ΓÄ»ΓÄ»ΓÄ»ΓÄ»ΓÄ»

 FAIL  src/lib/__tests__/sourceTaxonomy.test.ts [ src/lib/__tests__/sourceTaxonomy.test.ts ]
Error: Cannot find package '@/lib/sourceTaxonomy' imported from C:/Users/ahmed/Desktop/Personal Projects/Job 
Finder/src/lib/__tests__/sourceTaxonomy.test.ts
 Γ¥» src/lib/__tests__/sourceTaxonomy.test.ts:2:1
      1| import { describe, expect, it } from "vitest";
      2| import {
       | ^
      3|   applySourceFilters,
      4|   DEFAULT_FILTER_SELECTION,

ΓÄ»ΓÄ»ΓÄ»ΓÄ»ΓÄ»ΓÄ»ΓÄ»ΓÄ»ΓÄ»ΓÄ»ΓÄ»ΓÄ»ΓÄ»ΓÄ»ΓÄ»ΓÄ»ΓÄ»ΓÄ»ΓÄ»ΓÄ»ΓÄ»ΓÄ»ΓÄ»ΓÄ»[1/1]ΓÄ»


 Test Files  1 failed (1)
      Tests  no tests
   Start at  00:28:39
   Duration  1.86s (transform 408ms, setup 383ms, import 0ms, tests 0ms, environment 0ms)

